[2026-02-07T20:38:41.288Z] Error in getAllStudents: Unknown column 'Student.matricule' in 'field list'
Stack: Error
    at Query.run (C:\Users\bokel\OneDrive\Documents\LEUANA_SCHOOL\leuana-school\backend\node_modules\sequelize\src\dialects\mysql\query.js:46:25)
    at C:\Users\bokel\OneDrive\Documents\LEUANA_SCHOOL\leuana-school\backend\node_modules\sequelize\src\sequelize.js:650:28
    at processTicksAndRejections (node:internal/process/task_queues:105:5)
    at async MySQLQueryInterface.select (C:\Users\bokel\OneDrive\Documents\LEUANA_SCHOOL\leuana-school\backend\node_modules\sequelize\src\dialects\abstract\query-interface.js:1001:12)
    at async Function.findAll (C:\Users\bokel\OneDrive\Documents\LEUANA_SCHOOL\leuana-school\backend\node_modules\sequelize\src\model.js:1824:21)
    at async getAllStudents (C:\Users\bokel\OneDrive\Documents\LEUANA_SCHOOL\leuana-school\backend\src\controllers\studentController.ts:29:26)

[2026-02-07T20:38:41.626Z] Error in getAllStudents: Unknown column 'Student.matricule' in 'field list'
Stack: Error
    at Query.run (C:\Users\bokel\OneDrive\Documents\LEUANA_SCHOOL\leuana-school\backend\node_modules\sequelize\src\dialects\mysql\query.js:46:25)
    at C:\Users\bokel\OneDrive\Documents\LEUANA_SCHOOL\leuana-school\backend\node_modules\sequelize\src\sequelize.js:650:28
    at processTicksAndRejections (node:internal/process/task_queues:105:5)
    at async MySQLQueryInterface.select (C:\Users\bokel\OneDrive\Documents\LEUANA_SCHOOL\leuana-school\backend\node_modules\sequelize\src\dialects\abstract\query-interface.js:1001:12)
    at async Function.findAll (C:\Users\bokel\OneDrive\Documents\LEUANA_SCHOOL\leuana-school\backend\node_modules\sequelize\src\model.js:1824:21)
    at async getAllStudents (C:\Users\bokel\OneDrive\Documents\LEUANA_SCHOOL\leuana-school\backend\src\controllers\studentController.ts:29:26)

[2026-02-07T20:38:50.877Z] Error in getAllStudents: Unknown column 'Student.matricule' in 'field list'
Stack: Error
    at Query.run (C:\Users\bokel\OneDrive\Documents\LEUANA_SCHOOL\leuana-school\backend\node_modules\sequelize\src\dialects\mysql\query.js:46:25)
    at C:\Users\bokel\OneDrive\Documents\LEUANA_SCHOOL\leuana-school\backend\node_modules\sequelize\src\sequelize.js:650:28
    at processTicksAndRejections (node:internal/process/task_queues:105:5)
    at async MySQLQueryInterface.select (C:\Users\bokel\OneDrive\Documents\LEUANA_SCHOOL\leuana-school\backend\node_modules\sequelize\src\dialects\abstract\query-interface.js:1001:12)
    at async Function.findAll (C:\Users\bokel\OneDrive\Documents\LEUANA_SCHOOL\leuana-school\backend\node_modules\sequelize\src\model.js:1824:21)
    at async getAllStudents (C:\Users\bokel\OneDrive\Documents\LEUANA_SCHOOL\leuana-school\backend\src\controllers\studentController.ts:29:26)

[2026-02-07T20:38:50.986Z] Error in getAllStudents: Unknown column 'Student.matricule' in 'field list'
Stack: Error
    at Query.run (C:\Users\bokel\OneDrive\Documents\LEUANA_SCHOOL\leuana-school\backend\node_modules\sequelize\src\dialects\mysql\query.js:46:25)
    at C:\Users\bokel\OneDrive\Documents\LEUANA_SCHOOL\leuana-school\backend\node_modules\sequelize\src\sequelize.js:650:28
    at processTicksAndRejections (node:internal/process/task_queues:105:5)
    at async MySQLQueryInterface.select (C:\Users\bokel\OneDrive\Documents\LEUANA_SCHOOL\leuana-school\backend\node_modules\sequelize\src\dialects\abstract\query-interface.js:1001:12)
    at async Function.findAll (C:\Users\bokel\OneDrive\Documents\LEUANA_SCHOOL\leuana-school\backend\node_modules\sequelize\src\model.js:1824:21)
    at async getAllStudents (C:\Users\bokel\OneDrive\Documents\LEUANA_SCHOOL\leuana-school\backend\src\controllers\studentController.ts:29:26)

[2026-02-07T20:38:53.599Z] Error in getAllStudents: Unknown column 'Student.matricule' in 'field list'
Stack: Error
    at Query.run (C:\Users\bokel\OneDrive\Documents\LEUANA_SCHOOL\leuana-school\backend\node_modules\sequelize\src\dialects\mysql\query.js:46:25)
    at C:\Users\bokel\OneDrive\Documents\LEUANA_SCHOOL\leuana-school\backend\node_modules\sequelize\src\sequelize.js:650:28
    at processTicksAndRejections (node:internal/process/task_queues:105:5)
    at async MySQLQueryInterface.select (C:\Users\bokel\OneDrive\Documents\LEUANA_SCHOOL\leuana-school\backend\node_modules\sequelize\src\dialects\abstract\query-interface.js:1001:12)
    at async Function.findAll (C:\Users\bokel\OneDrive\Documents\LEUANA_SCHOOL\leuana-school\backend\node_modules\sequelize\src\model.js:1824:21)
    at async getAllStudents (C:\Users\bokel\OneDrive\Documents\LEUANA_SCHOOL\leuana-school\backend\src\controllers\studentController.ts:29:26)

[2026-02-07T20:38:53.749Z] Error in getAllStudents: Unknown column 'Student.matricule' in 'field list'
Stack: Error
    at Query.run (C:\Users\bokel\OneDrive\Documents\LEUANA_SCHOOL\leuana-school\backend\node_modules\sequelize\src\dialects\mysql\query.js:46:25)
    at C:\Users\bokel\OneDrive\Documents\LEUANA_SCHOOL\leuana-school\backend\node_modules\sequelize\src\sequelize.js:650:28
    at processTicksAndRejections (node:internal/process/task_queues:105:5)
    at async MySQLQueryInterface.select (C:\Users\bokel\OneDrive\Documents\LEUANA_SCHOOL\leuana-school\backend\node_modules\sequelize\src\dialects\abstract\query-interface.js:1001:12)
    at async Function.findAll (C:\Users\bokel\OneDrive\Documents\LEUANA_SCHOOL\leuana-school\backend\node_modules\sequelize\src\model.js:1824:21)
    at async getAllStudents (C:\Users\bokel\OneDrive\Documents\LEUANA_SCHOOL\leuana-school\backend\src\controllers\studentController.ts:29:26)

[2026-02-07T20:38:54.503Z] Error in getAllStudents: Unknown column 'Student.matricule' in 'field list'
Stack: Error
    at Query.run (C:\Users\bokel\OneDrive\Documents\LEUANA_SCHOOL\leuana-school\backend\node_modules\sequelize\src\dialects\mysql\query.js:46:25)
    at C:\Users\bokel\OneDrive\Documents\LEUANA_SCHOOL\leuana-school\backend\node_modules\sequelize\src\sequelize.js:650:28
    at processTicksAndRejections (node:internal/process/task_queues:105:5)
    at async MySQLQueryInterface.select (C:\Users\bokel\OneDrive\Documents\LEUANA_SCHOOL\leuana-school\backend\node_modules\sequelize\src\dialects\abstract\query-interface.js:1001:12)
    at async Function.findAll (C:\Users\bokel\OneDrive\Documents\LEUANA_SCHOOL\leuana-school\backend\node_modules\sequelize\src\model.js:1824:21)
    at async getAllStudents (C:\Users\bokel\OneDrive\Documents\LEUANA_SCHOOL\leuana-school\backend\src\controllers\studentController.ts:29:26)

[2026-02-07T20:38:54.655Z] Error in getAllStudents: Unknown column 'Student.matricule' in 'field list'
Stack: Error
    at Query.run (C:\Users\bokel\OneDrive\Documents\LEUANA_SCHOOL\leuana-school\backend\node_modules\sequelize\src\dialects\mysql\query.js:46:25)
    at C:\Users\bokel\OneDrive\Documents\LEUANA_SCHOOL\leuana-school\backend\node_modules\sequelize\src\sequelize.js:650:28
    at processTicksAndRejections (node:internal/process/task_queues:105:5)
    at async MySQLQueryInterface.select (C:\Users\bokel\OneDrive\Documents\LEUANA_SCHOOL\leuana-school\backend\node_modules\sequelize\src\dialects\abstract\query-interface.js:1001:12)
    at async Function.findAll (C:\Users\bokel\OneDrive\Documents\LEUANA_SCHOOL\leuana-school\backend\node_modules\sequelize\src\model.js:1824:21)
    at async getAllStudents (C:\Users\bokel\OneDrive\Documents\LEUANA_SCHOOL\leuana-school\backend\src\controllers\studentController.ts:29:26)

[2026-02-07T20:38:55.273Z] Error in getAllStudents: Unknown column 'Student.matricule' in 'field list'
Stack: Error
    at Query.run (C:\Users\bokel\OneDrive\Documents\LEUANA_SCHOOL\leuana-school\backend\node_modules\sequelize\src\dialects\mysql\query.js:46:25)
    at C:\Users\bokel\OneDrive\Documents\LEUANA_SCHOOL\leuana-school\backend\node_modules\sequelize\src\sequelize.js:650:28
    at processTicksAndRejections (node:internal/process/task_queues:105:5)
    at async MySQLQueryInterface.select (C:\Users\bokel\OneDrive\Documents\LEUANA_SCHOOL\leuana-school\backend\node_modules\sequelize\src\dialects\abstract\query-interface.js:1001:12)
    at async Function.findAll (C:\Users\bokel\OneDrive\Documents\LEUANA_SCHOOL\leuana-school\backend\node_modules\sequelize\src\model.js:1824:21)
    at async getAllStudents (C:\Users\bokel\OneDrive\Documents\LEUANA_SCHOOL\leuana-school\backend\src\controllers\studentController.ts:29:26)

[2026-02-07T20:38:55.402Z] Error in getAllStudents: Unknown column 'Student.matricule' in 'field list'
Stack: Error
    at Query.run (C:\Users\bokel\OneDrive\Documents\LEUANA_SCHOOL\leuana-school\backend\node_modules\sequelize\src\dialects\mysql\query.js:46:25)
    at C:\Users\bokel\OneDrive\Documents\LEUANA_SCHOOL\leuana-school\backend\node_modules\sequelize\src\sequelize.js:650:28
    at processTicksAndRejections (node:internal/process/task_queues:105:5)
    at async MySQLQueryInterface.select (C:\Users\bokel\OneDrive\Documents\LEUANA_SCHOOL\leuana-school\backend\node_modules\sequelize\src\dialects\abstract\query-interface.js:1001:12)
    at async Function.findAll (C:\Users\bokel\OneDrive\Documents\LEUANA_SCHOOL\leuana-school\backend\node_modules\sequelize\src\model.js:1824:21)
    at async getAllStudents (C:\Users\bokel\OneDrive\Documents\LEUANA_SCHOOL\leuana-school\backend\src\controllers\studentController.ts:29:26)

[2026-02-07T20:38:56.403Z] Error in getAllStudents: Unknown column 'Student.matricule' in 'field list'
Stack: Error
    at Query.run (C:\Users\bokel\OneDrive\Documents\LEUANA_SCHOOL\leuana-school\backend\node_modules\sequelize\src\dialects\mysql\query.js:46:25)
    at C:\Users\bokel\OneDrive\Documents\LEUANA_SCHOOL\leuana-school\backend\node_modules\sequelize\src\sequelize.js:650:28
    at processTicksAndRejections (node:internal/process/task_queues:105:5)
    at async MySQLQueryInterface.select (C:\Users\bokel\OneDrive\Documents\LEUANA_SCHOOL\leuana-school\backend\node_modules\sequelize\src\dialects\abstract\query-interface.js:1001:12)
    at async Function.findAll (C:\Users\bokel\OneDrive\Documents\LEUANA_SCHOOL\leuana-school\backend\node_modules\sequelize\src\model.js:1824:21)
    at async getAllStudents (C:\Users\bokel\OneDrive\Documents\LEUANA_SCHOOL\leuana-school\backend\src\controllers\studentController.ts:29:26)

[2026-02-07T20:38:56.577Z] Error in getAllStudents: Unknown column 'Student.matricule' in 'field list'
Stack: Error
    at Query.run (C:\Users\bokel\OneDrive\Documents\LEUANA_SCHOOL\leuana-school\backend\node_modules\sequelize\src\dialects\mysql\query.js:46:25)
    at C:\Users\bokel\OneDrive\Documents\LEUANA_SCHOOL\leuana-school\backend\node_modules\sequelize\src\sequelize.js:650:28
    at processTicksAndRejections (node:internal/process/task_queues:105:5)
    at async MySQLQueryInterface.select (C:\Users\bokel\OneDrive\Documents\LEUANA_SCHOOL\leuana-school\backend\node_modules\sequelize\src\dialects\abstract\query-interface.js:1001:12)
    at async Function.findAll (C:\Users\bokel\OneDrive\Documents\LEUANA_SCHOOL\leuana-school\backend\node_modules\sequelize\src\model.js:1824:21)
    at async getAllStudents (C:\Users\bokel\OneDrive\Documents\LEUANA_SCHOOL\leuana-school\backend\src\controllers\studentController.ts:29:26)

[2026-02-07T20:39:06.711Z] Error in getAllStudents: Unknown column 'Student.matricule' in 'field list'
Stack: Error
    at Query.run (C:\Users\bokel\OneDrive\Documents\LEUANA_SCHOOL\leuana-school\backend\node_modules\sequelize\src\dialects\mysql\query.js:46:25)
    at C:\Users\bokel\OneDrive\Documents\LEUANA_SCHOOL\leuana-school\backend\node_modules\sequelize\src\sequelize.js:650:28
    at processTicksAndRejections (node:internal/process/task_queues:105:5)
    at async MySQLQueryInterface.select (C:\Users\bokel\OneDrive\Documents\LEUANA_SCHOOL\leuana-school\backend\node_modules\sequelize\src\dialects\abstract\query-interface.js:1001:12)
    at async Function.findAll (C:\Users\bokel\OneDrive\Documents\LEUANA_SCHOOL\leuana-school\backend\node_modules\sequelize\src\model.js:1824:21)
    at async getAllStudents (C:\Users\bokel\OneDrive\Documents\LEUANA_SCHOOL\leuana-school\backend\src\controllers\studentController.ts:29:26)

[2026-02-07T20:39:06.827Z] Error in getAllStudents: Unknown column 'Student.matricule' in 'field list'
Stack: Error
    at Query.run (C:\Users\bokel\OneDrive\Documents\LEUANA_SCHOOL\leuana-school\backend\node_modules\sequelize\src\dialects\mysql\query.js:46:25)
    at C:\Users\bokel\OneDrive\Documents\LEUANA_SCHOOL\leuana-school\backend\node_modules\sequelize\src\sequelize.js:650:28
    at processTicksAndRejections (node:internal/process/task_queues:105:5)
    at async MySQLQueryInterface.select (C:\Users\bokel\OneDrive\Documents\LEUANA_SCHOOL\leuana-school\backend\node_modules\sequelize\src\dialects\abstract\query-interface.js:1001:12)
    at async Function.findAll (C:\Users\bokel\OneDrive\Documents\LEUANA_SCHOOL\leuana-school\backend\node_modules\sequelize\src\model.js:1824:21)
    at async getAllStudents (C:\Users\bokel\OneDrive\Documents\LEUANA_SCHOOL\leuana-school\backend\src\controllers\studentController.ts:29:26)

[2026-02-07T20:40:15.731Z] Error in getAllStudents: Unknown column 'Student.matricule' in 'field list'
Stack: Error
    at Query.run (C:\Users\bokel\OneDrive\Documents\LEUANA_SCHOOL\leuana-school\backend\node_modules\sequelize\src\dialects\mysql\query.js:46:25)
    at C:\Users\bokel\OneDrive\Documents\LEUANA_SCHOOL\leuana-school\backend\node_modules\sequelize\src\sequelize.js:650:28
    at processTicksAndRejections (node:internal/process/task_queues:105:5)
    at async MySQLQueryInterface.select (C:\Users\bokel\OneDrive\Documents\LEUANA_SCHOOL\leuana-school\backend\node_modules\sequelize\src\dialects\abstract\query-interface.js:1001:12)
    at async Function.findAll (C:\Users\bokel\OneDrive\Documents\LEUANA_SCHOOL\leuana-school\backend\node_modules\sequelize\src\model.js:1824:21)
    at async getAllStudents (C:\Users\bokel\OneDrive\Documents\LEUANA_SCHOOL\leuana-school\backend\src\controllers\studentController.ts:29:26)

[2026-02-07T20:40:16.578Z] Error in getAllStudents: Unknown column 'Student.matricule' in 'field list'
Stack: Error
    at Query.run (C:\Users\bokel\OneDrive\Documents\LEUANA_SCHOOL\leuana-school\backend\node_modules\sequelize\src\dialects\mysql\query.js:46:25)
    at C:\Users\bokel\OneDrive\Documents\LEUANA_SCHOOL\leuana-school\backend\node_modules\sequelize\src\sequelize.js:650:28
    at processTicksAndRejections (node:internal/process/task_queues:105:5)
    at async MySQLQueryInterface.select (C:\Users\bokel\OneDrive\Documents\LEUANA_SCHOOL\leuana-school\backend\node_modules\sequelize\src\dialects\abstract\query-interface.js:1001:12)
    at async Function.findAll (C:\Users\bokel\OneDrive\Documents\LEUANA_SCHOOL\leuana-school\backend\node_modules\sequelize\src\model.js:1824:21)
    at async getAllStudents (C:\Users\bokel\OneDrive\Documents\LEUANA_SCHOOL\leuana-school\backend\src\controllers\studentController.ts:29:26)

[2026-02-07T20:40:20.373Z] Error in getAllStudents: Unknown column 'Student.matricule' in 'field list'
Stack: Error
    at Query.run (C:\Users\bokel\OneDrive\Documents\LEUANA_SCHOOL\leuana-school\backend\node_modules\sequelize\src\dialects\mysql\query.js:46:25)
    at C:\Users\bokel\OneDrive\Documents\LEUANA_SCHOOL\leuana-school\backend\node_modules\sequelize\src\sequelize.js:650:28
    at processTicksAndRejections (node:internal/process/task_queues:105:5)
    at async MySQLQueryInterface.select (C:\Users\bokel\OneDrive\Documents\LEUANA_SCHOOL\leuana-school\backend\node_modules\sequelize\src\dialects\abstract\query-interface.js:1001:12)
    at async Function.findAll (C:\Users\bokel\OneDrive\Documents\LEUANA_SCHOOL\leuana-school\backend\node_modules\sequelize\src\model.js:1824:21)
    at async getAllStudents (C:\Users\bokel\OneDrive\Documents\LEUANA_SCHOOL\leuana-school\backend\src\controllers\studentController.ts:29:26)

[2026-02-07T20:40:20.721Z] Error in getAllStudents: Unknown column 'Student.matricule' in 'field list'
Stack: Error
    at Query.run (C:\Users\bokel\OneDrive\Documents\LEUANA_SCHOOL\leuana-school\backend\node_modules\sequelize\src\dialects\mysql\query.js:46:25)
    at C:\Users\bokel\OneDrive\Documents\LEUANA_SCHOOL\leuana-school\backend\node_modules\sequelize\src\sequelize.js:650:28
    at processTicksAndRejections (node:internal/process/task_queues:105:5)
    at async MySQLQueryInterface.select (C:\Users\bokel\OneDrive\Documents\LEUANA_SCHOOL\leuana-school\backend\node_modules\sequelize\src\dialects\abstract\query-interface.js:1001:12)
    at async Function.findAll (C:\Users\bokel\OneDrive\Documents\LEUANA_SCHOOL\leuana-school\backend\node_modules\sequelize\src\model.js:1824:21)
    at async getAllStudents (C:\Users\bokel\OneDrive\Documents\LEUANA_SCHOOL\leuana-school\backend\src\controllers\studentController.ts:29:26)

[2026-02-07T20:40:31.076Z] Error in getAllStudents: Unknown column 'Student.matricule' in 'field list'
Stack: Error
    at Query.run (C:\Users\bokel\OneDrive\Documents\LEUANA_SCHOOL\leuana-school\backend\node_modules\sequelize\src\dialects\mysql\query.js:46:25)
    at C:\Users\bokel\OneDrive\Documents\LEUANA_SCHOOL\leuana-school\backend\node_modules\sequelize\src\sequelize.js:650:28
    at processTicksAndRejections (node:internal/process/task_queues:105:5)
    at async MySQLQueryInterface.select (C:\Users\bokel\OneDrive\Documents\LEUANA_SCHOOL\leuana-school\backend\node_modules\sequelize\src\dialects\abstract\query-interface.js:1001:12)
    at async Function.findAll (C:\Users\bokel\OneDrive\Documents\LEUANA_SCHOOL\leuana-school\backend\node_modules\sequelize\src\model.js:1824:21)
    at async getAllStudents (C:\Users\bokel\OneDrive\Documents\LEUANA_SCHOOL\leuana-school\backend\src\controllers\studentController.ts:29:26)

[2026-02-07T20:40:31.455Z] Error in getAllStudents: Unknown column 'Student.matricule' in 'field list'
Stack: Error
    at Query.run (C:\Users\bokel\OneDrive\Documents\LEUANA_SCHOOL\leuana-school\backend\node_modules\sequelize\src\dialects\mysql\query.js:46:25)
    at C:\Users\bokel\OneDrive\Documents\LEUANA_SCHOOL\leuana-school\backend\node_modules\sequelize\src\sequelize.js:650:28
    at processTicksAndRejections (node:internal/process/task_queues:105:5)
    at async MySQLQueryInterface.select (C:\Users\bokel\OneDrive\Documents\LEUANA_SCHOOL\leuana-school\backend\node_modules\sequelize\src\dialects\abstract\query-interface.js:1001:12)
    at async Function.findAll (C:\Users\bokel\OneDrive\Documents\LEUANA_SCHOOL\leuana-school\backend\node_modules\sequelize\src\model.js:1824:21)
    at async getAllStudents (C:\Users\bokel\OneDrive\Documents\LEUANA_SCHOOL\leuana-school\backend\src\controllers\studentController.ts:29:26)

[2026-02-07T20:42:24.247Z] Error in getAllStudents: Unknown column 'Student.matricule' in 'field list'
Stack: Error
    at Query.run (C:\Users\bokel\OneDrive\Documents\LEUANA_SCHOOL\leuana-school\backend\node_modules\sequelize\src\dialects\mysql\query.js:46:25)
    at C:\Users\bokel\OneDrive\Documents\LEUANA_SCHOOL\leuana-school\backend\node_modules\sequelize\src\sequelize.js:650:28
    at processTicksAndRejections (node:internal/process/task_queues:105:5)
    at async MySQLQueryInterface.select (C:\Users\bokel\OneDrive\Documents\LEUANA_SCHOOL\leuana-school\backend\node_modules\sequelize\src\dialects\abstract\query-interface.js:1001:12)
    at async Function.findAll (C:\Users\bokel\OneDrive\Documents\LEUANA_SCHOOL\leuana-school\backend\node_modules\sequelize\src\model.js:1824:21)
    at async getAllStudents (C:\Users\bokel\OneDrive\Documents\LEUANA_SCHOOL\leuana-school\backend\src\controllers\studentController.ts:29:26)

[2026-02-07T20:42:24.716Z] Error in getAllStudents: Unknown column 'Student.matricule' in 'field list'
Stack: Error
    at Query.run (C:\Users\bokel\OneDrive\Documents\LEUANA_SCHOOL\leuana-school\backend\node_modules\sequelize\src\dialects\mysql\query.js:46:25)
    at C:\Users\bokel\OneDrive\Documents\LEUANA_SCHOOL\leuana-school\backend\node_modules\sequelize\src\sequelize.js:650:28
    at processTicksAndRejections (node:internal/process/task_queues:105:5)
    at async MySQLQueryInterface.select (C:\Users\bokel\OneDrive\Documents\LEUANA_SCHOOL\leuana-school\backend\node_modules\sequelize\src\dialects\abstract\query-interface.js:1001:12)
    at async Function.findAll (C:\Users\bokel\OneDrive\Documents\LEUANA_SCHOOL\leuana-school\backend\node_modules\sequelize\src\model.js:1824:21)
    at async getAllStudents (C:\Users\bokel\OneDrive\Documents\LEUANA_SCHOOL\leuana-school\backend\src\controllers\studentController.ts:29:26)

[2026-02-07T20:47:58.020Z] Error in getAllStudents: Unknown column 'Student.matricule' in 'field list'
Stack: Error
    at Query.run (C:\Users\bokel\OneDrive\Documents\LEUANA_SCHOOL\leuana-school\backend\node_modules\sequelize\src\dialects\mysql\query.js:46:25)
    at C:\Users\bokel\OneDrive\Documents\LEUANA_SCHOOL\leuana-school\backend\node_modules\sequelize\src\sequelize.js:650:28
    at processTicksAndRejections (node:internal/process/task_queues:105:5)
    at async MySQLQueryInterface.select (C:\Users\bokel\OneDrive\Documents\LEUANA_SCHOOL\leuana-school\backend\node_modules\sequelize\src\dialects\abstract\query-interface.js:1001:12)
    at async Function.findAll (C:\Users\bokel\OneDrive\Documents\LEUANA_SCHOOL\leuana-school\backend\node_modules\sequelize\src\model.js:1824:21)
    at async getAllStudents (C:\Users\bokel\OneDrive\Documents\LEUANA_SCHOOL\leuana-school\backend\src\controllers\studentController.ts:29:26)

[2026-02-07T20:47:58.625Z] Error in getAllStudents: Unknown column 'Student.matricule' in 'field list'
Stack: Error
    at Query.run (C:\Users\bokel\OneDrive\Documents\LEUANA_SCHOOL\leuana-school\backend\node_modules\sequelize\src\dialects\mysql\query.js:46:25)
    at C:\Users\bokel\OneDrive\Documents\LEUANA_SCHOOL\leuana-school\backend\node_modules\sequelize\src\sequelize.js:650:28
    at processTicksAndRejections (node:internal/process/task_queues:105:5)
    at async MySQLQueryInterface.select (C:\Users\bokel\OneDrive\Documents\LEUANA_SCHOOL\leuana-school\backend\node_modules\sequelize\src\dialects\abstract\query-interface.js:1001:12)
    at async Function.findAll (C:\Users\bokel\OneDrive\Documents\LEUANA_SCHOOL\leuana-school\backend\node_modules\sequelize\src\model.js:1824:21)
    at async getAllStudents (C:\Users\bokel\OneDrive\Documents\LEUANA_SCHOOL\leuana-school\backend\src\controllers\studentController.ts:29:26)

[2026-02-07T20:52:50.113Z] Error in getAllStudents: Unknown column 'Student.matricule' in 'field list'
Stack: Error
    at Query.run (C:\Users\bokel\OneDrive\Documents\LEUANA_SCHOOL\leuana-school\backend\node_modules\sequelize\src\dialects\mysql\query.js:46:25)
    at C:\Users\bokel\OneDrive\Documents\LEUANA_SCHOOL\leuana-school\backend\node_modules\sequelize\src\sequelize.js:650:28
    at processTicksAndRejections (node:internal/process/task_queues:105:5)
    at async MySQLQueryInterface.select (C:\Users\bokel\OneDrive\Documents\LEUANA_SCHOOL\leuana-school\backend\node_modules\sequelize\src\dialects\abstract\query-interface.js:1001:12)
    at async Function.findAll (C:\Users\bokel\OneDrive\Documents\LEUANA_SCHOOL\leuana-school\backend\node_modules\sequelize\src\model.js:1824:21)
    at async getAllStudents (C:\Users\bokel\OneDrive\Documents\LEUANA_SCHOOL\leuana-school\backend\src\controllers\studentController.ts:29:26)

[2026-02-07T20:52:50.441Z] Error in getAllStudents: Unknown column 'Student.matricule' in 'field list'
Stack: Error
    at Query.run (C:\Users\bokel\OneDrive\Documents\LEUANA_SCHOOL\leuana-school\backend\node_modules\sequelize\src\dialects\mysql\query.js:46:25)
    at C:\Users\bokel\OneDrive\Documents\LEUANA_SCHOOL\leuana-school\backend\node_modules\sequelize\src\sequelize.js:650:28
    at processTicksAndRejections (node:internal/process/task_queues:105:5)
    at async MySQLQueryInterface.select (C:\Users\bokel\OneDrive\Documents\LEUANA_SCHOOL\leuana-school\backend\node_modules\sequelize\src\dialects\abstract\query-interface.js:1001:12)
    at async Function.findAll (C:\Users\bokel\OneDrive\Documents\LEUANA_SCHOOL\leuana-school\backend\node_modules\sequelize\src\model.js:1824:21)
    at async getAllStudents (C:\Users\bokel\OneDrive\Documents\LEUANA_SCHOOL\leuana-school\backend\src\controllers\studentController.ts:29:26)

[2026-02-07T20:52:56.287Z] Error in getAllStudents: Unknown column 'Student.matricule' in 'field list'
Stack: Error
    at Query.run (C:\Users\bokel\OneDrive\Documents\LEUANA_SCHOOL\leuana-school\backend\node_modules\sequelize\src\dialects\mysql\query.js:46:25)
    at C:\Users\bokel\OneDrive\Documents\LEUANA_SCHOOL\leuana-school\backend\node_modules\sequelize\src\sequelize.js:650:28
    at processTicksAndRejections (node:internal/process/task_queues:105:5)
    at async MySQLQueryInterface.select (C:\Users\bokel\OneDrive\Documents\LEUANA_SCHOOL\leuana-school\backend\node_modules\sequelize\src\dialects\abstract\query-interface.js:1001:12)
    at async Function.findAll (C:\Users\bokel\OneDrive\Documents\LEUANA_SCHOOL\leuana-school\backend\node_modules\sequelize\src\model.js:1824:21)
    at async getAllStudents (C:\Users\bokel\OneDrive\Documents\LEUANA_SCHOOL\leuana-school\backend\src\controllers\studentController.ts:29:26)

[2026-02-07T20:52:56.408Z] Error in getAllStudents: Unknown column 'Student.matricule' in 'field list'
Stack: Error
    at Query.run (C:\Users\bokel\OneDrive\Documents\LEUANA_SCHOOL\leuana-school\backend\node_modules\sequelize\src\dialects\mysql\query.js:46:25)
    at C:\Users\bokel\OneDrive\Documents\LEUANA_SCHOOL\leuana-school\backend\node_modules\sequelize\src\sequelize.js:650:28
    at processTicksAndRejections (node:internal/process/task_queues:105:5)
    at async MySQLQueryInterface.select (C:\Users\bokel\OneDrive\Documents\LEUANA_SCHOOL\leuana-school\backend\node_modules\sequelize\src\dialects\abstract\query-interface.js:1001:12)
    at async Function.findAll (C:\Users\bokel\OneDrive\Documents\LEUANA_SCHOOL\leuana-school\backend\node_modules\sequelize\src\model.js:1824:21)
    at async getAllStudents (C:\Users\bokel\OneDrive\Documents\LEUANA_SCHOOL\leuana-school\backend\src\controllers\studentController.ts:29:26)

[2026-02-07T20:52:57.493Z] Error in getAllStudents: Unknown column 'Student.matricule' in 'field list'
Stack: Error
    at Query.run (C:\Users\bokel\OneDrive\Documents\LEUANA_SCHOOL\leuana-school\backend\node_modules\sequelize\src\dialects\mysql\query.js:46:25)
    at C:\Users\bokel\OneDrive\Documents\LEUANA_SCHOOL\leuana-school\backend\node_modules\sequelize\src\sequelize.js:650:28
    at processTicksAndRejections (node:internal/process/task_queues:105:5)
    at async MySQLQueryInterface.select (C:\Users\bokel\OneDrive\Documents\LEUANA_SCHOOL\leuana-school\backend\node_modules\sequelize\src\dialects\abstract\query-interface.js:1001:12)
    at async Function.findAll (C:\Users\bokel\OneDrive\Documents\LEUANA_SCHOOL\leuana-school\backend\node_modules\sequelize\src\model.js:1824:21)
    at async getAllStudents (C:\Users\bokel\OneDrive\Documents\LEUANA_SCHOOL\leuana-school\backend\src\controllers\studentController.ts:29:26)

[2026-02-07T20:52:57.729Z] Error in getAllStudents: Unknown column 'Student.matricule' in 'field list'
Stack: Error
    at Query.run (C:\Users\bokel\OneDrive\Documents\LEUANA_SCHOOL\leuana-school\backend\node_modules\sequelize\src\dialects\mysql\query.js:46:25)
    at C:\Users\bokel\OneDrive\Documents\LEUANA_SCHOOL\leuana-school\backend\node_modules\sequelize\src\sequelize.js:650:28
    at processTicksAndRejections (node:internal/process/task_queues:105:5)
    at async MySQLQueryInterface.select (C:\Users\bokel\OneDrive\Documents\LEUANA_SCHOOL\leuana-school\backend\node_modules\sequelize\src\dialects\abstract\query-interface.js:1001:12)
    at async Function.findAll (C:\Users\bokel\OneDrive\Documents\LEUANA_SCHOOL\leuana-school\backend\node_modules\sequelize\src\model.js:1824:21)
    at async getAllStudents (C:\Users\bokel\OneDrive\Documents\LEUANA_SCHOOL\leuana-school\backend\src\controllers\studentController.ts:29:26)

[2026-02-07T20:53:03.357Z] Error in getAllStudents: Unknown column 'Student.matricule' in 'field list'
Stack: Error
    at Query.run (C:\Users\bokel\OneDrive\Documents\LEUANA_SCHOOL\leuana-school\backend\node_modules\sequelize\src\dialects\mysql\query.js:46:25)
    at C:\Users\bokel\OneDrive\Documents\LEUANA_SCHOOL\leuana-school\backend\node_modules\sequelize\src\sequelize.js:650:28
    at processTicksAndRejections (node:internal/process/task_queues:105:5)
    at async MySQLQueryInterface.select (C:\Users\bokel\OneDrive\Documents\LEUANA_SCHOOL\leuana-school\backend\node_modules\sequelize\src\dialects\abstract\query-interface.js:1001:12)
    at async Function.findAll (C:\Users\bokel\OneDrive\Documents\LEUANA_SCHOOL\leuana-school\backend\node_modules\sequelize\src\model.js:1824:21)
    at async getAllStudents (C:\Users\bokel\OneDrive\Documents\LEUANA_SCHOOL\leuana-school\backend\src\controllers\studentController.ts:29:26)

[2026-02-07T20:53:03.472Z] Error in getAllStudents: Unknown column 'Student.matricule' in 'field list'
Stack: Error
    at Query.run (C:\Users\bokel\OneDrive\Documents\LEUANA_SCHOOL\leuana-school\backend\node_modules\sequelize\src\dialects\mysql\query.js:46:25)
    at C:\Users\bokel\OneDrive\Documents\LEUANA_SCHOOL\leuana-school\backend\node_modules\sequelize\src\sequelize.js:650:28
    at processTicksAndRejections (node:internal/process/task_queues:105:5)
    at async MySQLQueryInterface.select (C:\Users\bokel\OneDrive\Documents\LEUANA_SCHOOL\leuana-school\backend\node_modules\sequelize\src\dialects\abstract\query-interface.js:1001:12)
    at async Function.findAll (C:\Users\bokel\OneDrive\Documents\LEUANA_SCHOOL\leuana-school\backend\node_modules\sequelize\src\model.js:1824:21)
    at async getAllStudents (C:\Users\bokel\OneDrive\Documents\LEUANA_SCHOOL\leuana-school\backend\src\controllers\studentController.ts:29:26)

[2026-02-07T20:53:06.685Z] Error in getAllStudents: Unknown column 'Student.matricule' in 'field list'
Stack: Error
    at Query.run (C:\Users\bokel\OneDrive\Documents\LEUANA_SCHOOL\leuana-school\backend\node_modules\sequelize\src\dialects\mysql\query.js:46:25)
    at C:\Users\bokel\OneDrive\Documents\LEUANA_SCHOOL\leuana-school\backend\node_modules\sequelize\src\sequelize.js:650:28
    at processTicksAndRejections (node:internal/process/task_queues:105:5)
    at async MySQLQueryInterface.select (C:\Users\bokel\OneDrive\Documents\LEUANA_SCHOOL\leuana-school\backend\node_modules\sequelize\src\dialects\abstract\query-interface.js:1001:12)
    at async Function.findAll (C:\Users\bokel\OneDrive\Documents\LEUANA_SCHOOL\leuana-school\backend\node_modules\sequelize\src\model.js:1824:21)
    at async getAllStudents (C:\Users\bokel\OneDrive\Documents\LEUANA_SCHOOL\leuana-school\backend\src\controllers\studentController.ts:29:26)

[2026-02-07T20:53:06.802Z] Error in getAllStudents: Unknown column 'Student.matricule' in 'field list'
Stack: Error
    at Query.run (C:\Users\bokel\OneDrive\Documents\LEUANA_SCHOOL\leuana-school\backend\node_modules\sequelize\src\dialects\mysql\query.js:46:25)
    at C:\Users\bokel\OneDrive\Documents\LEUANA_SCHOOL\leuana-school\backend\node_modules\sequelize\src\sequelize.js:650:28
    at processTicksAndRejections (node:internal/process/task_queues:105:5)
    at async MySQLQueryInterface.select (C:\Users\bokel\OneDrive\Documents\LEUANA_SCHOOL\leuana-school\backend\node_modules\sequelize\src\dialects\abstract\query-interface.js:1001:12)
    at async Function.findAll (C:\Users\bokel\OneDrive\Documents\LEUANA_SCHOOL\leuana-school\backend\node_modules\sequelize\src\model.js:1824:21)
    at async getAllStudents (C:\Users\bokel\OneDrive\Documents\LEUANA_SCHOOL\leuana-school\backend\src\controllers\studentController.ts:29:26)

[2026-02-07T20:53:07.694Z] Error in getAllStudents: Unknown column 'Student.matricule' in 'field list'
Stack: Error
    at Query.run (C:\Users\bokel\OneDrive\Documents\LEUANA_SCHOOL\leuana-school\backend\node_modules\sequelize\src\dialects\mysql\query.js:46:25)
    at C:\Users\bokel\OneDrive\Documents\LEUANA_SCHOOL\leuana-school\backend\node_modules\sequelize\src\sequelize.js:650:28
    at processTicksAndRejections (node:internal/process/task_queues:105:5)
    at async MySQLQueryInterface.select (C:\Users\bokel\OneDrive\Documents\LEUANA_SCHOOL\leuana-school\backend\node_modules\sequelize\src\dialects\abstract\query-interface.js:1001:12)
    at async Function.findAll (C:\Users\bokel\OneDrive\Documents\LEUANA_SCHOOL\leuana-school\backend\node_modules\sequelize\src\model.js:1824:21)
    at async getAllStudents (C:\Users\bokel\OneDrive\Documents\LEUANA_SCHOOL\leuana-school\backend\src\controllers\studentController.ts:29:26)

[2026-02-07T20:53:07.820Z] Error in getAllStudents: Unknown column 'Student.matricule' in 'field list'
Stack: Error
    at Query.run (C:\Users\bokel\OneDrive\Documents\LEUANA_SCHOOL\leuana-school\backend\node_modules\sequelize\src\dialects\mysql\query.js:46:25)
    at C:\Users\bokel\OneDrive\Documents\LEUANA_SCHOOL\leuana-school\backend\node_modules\sequelize\src\sequelize.js:650:28
    at processTicksAndRejections (node:internal/process/task_queues:105:5)
    at async MySQLQueryInterface.select (C:\Users\bokel\OneDrive\Documents\LEUANA_SCHOOL\leuana-school\backend\node_modules\sequelize\src\dialects\abstract\query-interface.js:1001:12)
    at async Function.findAll (C:\Users\bokel\OneDrive\Documents\LEUANA_SCHOOL\leuana-school\backend\node_modules\sequelize\src\model.js:1824:21)
    at async getAllStudents (C:\Users\bokel\OneDrive\Documents\LEUANA_SCHOOL\leuana-school\backend\src\controllers\studentController.ts:29:26)

[2026-02-07T20:55:56.812Z] Error in getAllStudents: Unknown column 'Student.matricule' in 'field list'
Stack: Error
    at Query.run (C:\Users\bokel\OneDrive\Documents\LEUANA_SCHOOL\leuana-school\backend\node_modules\sequelize\src\dialects\mysql\query.js:46:25)
    at C:\Users\bokel\OneDrive\Documents\LEUANA_SCHOOL\leuana-school\backend\node_modules\sequelize\src\sequelize.js:650:28
    at processTicksAndRejections (node:internal/process/task_queues:105:5)
    at async MySQLQueryInterface.select (C:\Users\bokel\OneDrive\Documents\LEUANA_SCHOOL\leuana-school\backend\node_modules\sequelize\src\dialects\abstract\query-interface.js:1001:12)
    at async Function.findAll (C:\Users\bokel\OneDrive\Documents\LEUANA_SCHOOL\leuana-school\backend\node_modules\sequelize\src\model.js:1824:21)
    at async getAllStudents (C:\Users\bokel\OneDrive\Documents\LEUANA_SCHOOL\leuana-school\backend\src\controllers\studentController.ts:29:26)

[2026-02-07T20:55:57.468Z] Error in getAllStudents: Unknown column 'Student.matricule' in 'field list'
Stack: Error
    at Query.run (C:\Users\bokel\OneDrive\Documents\LEUANA_SCHOOL\leuana-school\backend\node_modules\sequelize\src\dialects\mysql\query.js:46:25)
    at C:\Users\bokel\OneDrive\Documents\LEUANA_SCHOOL\leuana-school\backend\node_modules\sequelize\src\sequelize.js:650:28
    at processTicksAndRejections (node:internal/process/task_queues:105:5)
    at async MySQLQueryInterface.select (C:\Users\bokel\OneDrive\Documents\LEUANA_SCHOOL\leuana-school\backend\node_modules\sequelize\src\dialects\abstract\query-interface.js:1001:12)
    at async Function.findAll (C:\Users\bokel\OneDrive\Documents\LEUANA_SCHOOL\leuana-school\backend\node_modules\sequelize\src\model.js:1824:21)
    at async getAllStudents (C:\Users\bokel\OneDrive\Documents\LEUANA_SCHOOL\leuana-school\backend\src\controllers\studentController.ts:29:26)

[2026-02-07T20:56:38.000Z] Error in getAllStudents: Unknown column 'Student.matricule' in 'field list'
Stack: Error
    at Query.run (C:\Users\bokel\OneDrive\Documents\LEUANA_SCHOOL\leuana-school\backend\node_modules\sequelize\src\dialects\mysql\query.js:46:25)
    at C:\Users\bokel\OneDrive\Documents\LEUANA_SCHOOL\leuana-school\backend\node_modules\sequelize\src\sequelize.js:650:28
    at processTicksAndRejections (node:internal/process/task_queues:105:5)
    at async MySQLQueryInterface.select (C:\Users\bokel\OneDrive\Documents\LEUANA_SCHOOL\leuana-school\backend\node_modules\sequelize\src\dialects\abstract\query-interface.js:1001:12)
    at async Function.findAll (C:\Users\bokel\OneDrive\Documents\LEUANA_SCHOOL\leuana-school\backend\node_modules\sequelize\src\model.js:1824:21)
    at async getAllStudents (C:\Users\bokel\OneDrive\Documents\LEUANA_SCHOOL\leuana-school\backend\src\controllers\studentController.ts:29:26)

[2026-02-07T20:56:38.613Z] Error in getAllStudents: Unknown column 'Student.matricule' in 'field list'
Stack: Error
    at Query.run (C:\Users\bokel\OneDrive\Documents\LEUANA_SCHOOL\leuana-school\backend\node_modules\sequelize\src\dialects\mysql\query.js:46:25)
    at C:\Users\bokel\OneDrive\Documents\LEUANA_SCHOOL\leuana-school\backend\node_modules\sequelize\src\sequelize.js:650:28
    at processTicksAndRejections (node:internal/process/task_queues:105:5)
    at async MySQLQueryInterface.select (C:\Users\bokel\OneDrive\Documents\LEUANA_SCHOOL\leuana-school\backend\node_modules\sequelize\src\dialects\abstract\query-interface.js:1001:12)
    at async Function.findAll (C:\Users\bokel\OneDrive\Documents\LEUANA_SCHOOL\leuana-school\backend\node_modules\sequelize\src\model.js:1824:21)
    at async getAllStudents (C:\Users\bokel\OneDrive\Documents\LEUANA_SCHOOL\leuana-school\backend\src\controllers\studentController.ts:29:26)

[2026-02-07T20:58:51.920Z] Error in getAllStudents: Unknown column 'Student.matricule' in 'field list'
Stack: Error
    at Query.run (C:\Users\bokel\OneDrive\Documents\LEUANA_SCHOOL\leuana-school\backend\node_modules\sequelize\src\dialects\mysql\query.js:46:25)
    at C:\Users\bokel\OneDrive\Documents\LEUANA_SCHOOL\leuana-school\backend\node_modules\sequelize\src\sequelize.js:650:28
    at processTicksAndRejections (node:internal/process/task_queues:105:5)
    at async MySQLQueryInterface.select (C:\Users\bokel\OneDrive\Documents\LEUANA_SCHOOL\leuana-school\backend\node_modules\sequelize\src\dialects\abstract\query-interface.js:1001:12)
    at async Function.findAll (C:\Users\bokel\OneDrive\Documents\LEUANA_SCHOOL\leuana-school\backend\node_modules\sequelize\src\model.js:1824:21)
    at async getAllStudents (C:\Users\bokel\OneDrive\Documents\LEUANA_SCHOOL\leuana-school\backend\src\controllers\studentController.ts:29:26)

[2026-02-07T20:58:52.121Z] Error in getAllStudents: Unknown column 'Student.matricule' in 'field list'
Stack: Error
    at Query.run (C:\Users\bokel\OneDrive\Documents\LEUANA_SCHOOL\leuana-school\backend\node_modules\sequelize\src\dialects\mysql\query.js:46:25)
    at C:\Users\bokel\OneDrive\Documents\LEUANA_SCHOOL\leuana-school\backend\node_modules\sequelize\src\sequelize.js:650:28
    at processTicksAndRejections (node:internal/process/task_queues:105:5)
    at async MySQLQueryInterface.select (C:\Users\bokel\OneDrive\Documents\LEUANA_SCHOOL\leuana-school\backend\node_modules\sequelize\src\dialects\abstract\query-interface.js:1001:12)
    at async Function.findAll (C:\Users\bokel\OneDrive\Documents\LEUANA_SCHOOL\leuana-school\backend\node_modules\sequelize\src\model.js:1824:21)
    at async getAllStudents (C:\Users\bokel\OneDrive\Documents\LEUANA_SCHOOL\leuana-school\backend\src\controllers\studentController.ts:29:26)

[2026-02-07T21:04:33.304Z] Error in getAllStudents: Unknown column 'Student.matricule' in 'field list'
Stack: Error
    at Query.run (C:\Users\bokel\OneDrive\Documents\LEUANA_SCHOOL\leuana-school\backend\node_modules\sequelize\src\dialects\mysql\query.js:46:25)
    at C:\Users\bokel\OneDrive\Documents\LEUANA_SCHOOL\leuana-school\backend\node_modules\sequelize\src\sequelize.js:650:28
    at processTicksAndRejections (node:internal/process/task_queues:105:5)
    at async MySQLQueryInterface.select (C:\Users\bokel\OneDrive\Documents\LEUANA_SCHOOL\leuana-school\backend\node_modules\sequelize\src\dialects\abstract\query-interface.js:1001:12)
    at async Function.findAll (C:\Users\bokel\OneDrive\Documents\LEUANA_SCHOOL\leuana-school\backend\node_modules\sequelize\src\model.js:1824:21)
    at async getAllStudents (C:\Users\bokel\OneDrive\Documents\LEUANA_SCHOOL\leuana-school\backend\src\controllers\studentController.ts:29:26)

[2026-02-07T21:04:33.753Z] Error in getAllStudents: Unknown column 'Student.matricule' in 'field list'
Stack: Error
    at Query.run (C:\Users\bokel\OneDrive\Documents\LEUANA_SCHOOL\leuana-school\backend\node_modules\sequelize\src\dialects\mysql\query.js:46:25)
    at C:\Users\bokel\OneDrive\Documents\LEUANA_SCHOOL\leuana-school\backend\node_modules\sequelize\src\sequelize.js:650:28
    at processTicksAndRejections (node:internal/process/task_queues:105:5)
    at async MySQLQueryInterface.select (C:\Users\bokel\OneDrive\Documents\LEUANA_SCHOOL\leuana-school\backend\node_modules\sequelize\src\dialects\abstract\query-interface.js:1001:12)
    at async Function.findAll (C:\Users\bokel\OneDrive\Documents\LEUANA_SCHOOL\leuana-school\backend\node_modules\sequelize\src\model.js:1824:21)
    at async getAllStudents (C:\Users\bokel\OneDrive\Documents\LEUANA_SCHOOL\leuana-school\backend\src\controllers\studentController.ts:29:26)

[2026-02-07T21:20:29.922Z] Error in getAllStudents: Unknown column 'Student.matricule' in 'field list'
Stack: Error
    at Query.run (C:\Users\bokel\OneDrive\Documents\LEUANA_SCHOOL\leuana-school\backend\node_modules\sequelize\src\dialects\mysql\query.js:46:25)
    at C:\Users\bokel\OneDrive\Documents\LEUANA_SCHOOL\leuana-school\backend\node_modules\sequelize\src\sequelize.js:650:28
    at processTicksAndRejections (node:internal/process/task_queues:105:5)
    at async MySQLQueryInterface.select (C:\Users\bokel\OneDrive\Documents\LEUANA_SCHOOL\leuana-school\backend\node_modules\sequelize\src\dialects\abstract\query-interface.js:1001:12)
    at async Function.findAll (C:\Users\bokel\OneDrive\Documents\LEUANA_SCHOOL\leuana-school\backend\node_modules\sequelize\src\model.js:1824:21)
    at async getAllStudents (C:\Users\bokel\OneDrive\Documents\LEUANA_SCHOOL\leuana-school\backend\src\controllers\studentController.ts:29:26)

